{
  "block": [
    128,
    1,
    1
  ],
  "buf_bytes": 67108864,
  "buf_sizes": [
    16384,
    2359296,
    8192
  ],
  "cubin": "docs/task_workflow/evidence/nv-installed-islands-20260822/phase7/q4k_warp_coop_q8_dp4a_partial_1024_4096.cubin",
  "cubin_sha256": "8420cf4fa790aeeb0d22defc0511ef318f00f16466c3f2d11001e7e653948ee3",
  "grid": [
    1024,
    1,
    1
  ],
  "n_bufs": 3,
  "reps": 2000,
  "schema": "tinygrad.nv_cubin_ncu_launcher.v1",
  "symbol": "q4k_warp_coop_q8_dp4a_partial_1024_4096",
  "vals": [
    512
  ],
  "verdict": "CUDA_LAUNCH_OK"
}
Collecting data...
Generating '/tmp/nsys-report-054c.qdstrm'
[1/1] [0%                          ] q4coopkv-exact.nsys-rep[1/1] [0%                          ] q4coopkv-exact.nsys-rep[1/1] [=======36%                  ] q4coopkv-exact.nsys-rep[1/1] [==========49%               ] q4coopkv-exact.nsys-rep[1/1] [==============63%           ] q4coopkv-exact.nsys-rep[1/1] [========================100%] q4coopkv-exact.nsys-rep[1/1] [========================100%] q4coopkv-exact.nsys-rep
Generated:
	/home/ubuntu/tinygrad-arkey/docs/task_workflow/evidence/nv-installed-islands-20260822/phase7/q4coopkv-exact.nsys-rep
