{
  "block": [
    128,
    1,
    1
  ],
  "buf_bytes": 67108864,
  "buf_sizes": [
    4096,
    3440640,
    8192
  ],
  "cubin": "docs/task_workflow/evidence/nv-installed-islands-20260822/phase7/q6k_q8_warp_direct_1024_4096.cubin",
  "cubin_sha256": "43cc25e47f7b772985e1f4260f6e6582bc608fdf6ef094e02673389445b8be40",
  "grid": [
    1024,
    1,
    1
  ],
  "n_bufs": 3,
  "reps": 2000,
  "schema": "tinygrad.nv_cubin_ncu_launcher.v1",
  "symbol": "q6k_q8_warp_direct_1024_4096",
  "vals": [],
  "verdict": "CUDA_LAUNCH_OK"
}
Collecting data...
Generating '/tmp/nsys-report-11c5.qdstrm'
[1/1] [0%                          ] q6q8k-exact.nsys-rep[1/1] [0%                          ] q6q8k-exact.nsys-rep[1/1] [=======36%                  ] q6q8k-exact.nsys-rep[1/1] [==========49%               ] q6q8k-exact.nsys-rep[1/1] [==============63%           ] q6q8k-exact.nsys-rep[1/1] [========================100%] q6q8k-exact.nsys-rep[1/1] [========================100%] q6q8k-exact.nsys-rep
Generated:
	/home/ubuntu/tinygrad-arkey/docs/task_workflow/evidence/nv-installed-islands-20260822/phase7/q6q8k-exact.nsys-rep
