{
  "block": [
    32,
    1,
    1
  ],
  "buf_bytes": 67108864,
  "buf_sizes": [
    4096,
    16384
  ],
  "cubin": "docs/task_workflow/evidence/nv-installed-islands-20260822/phase7/r_8_32_4_4_0187db79106373f74f8dfb2c7c462e006a6d17ae7fec16538a0201328f198b81.cubin",
  "cubin_sha256": "8273adf7ec223cfddffd563b94353ea537cbddc1765a96923301aada3be3b178",
  "grid": [
    8,
    1,
    1
  ],
  "n_bufs": 2,
  "reps": 2000,
  "schema": "tinygrad.nv_cubin_ncu_launcher.v1",
  "symbol": "r_8_32_4_4_0187db79106373f74f8dfb2c7c462e006a6d17ae7fec16538a0201328f198b81",
  "vals": [],
  "verdict": "CUDA_LAUNCH_OK"
}
Collecting data...
Generating '/tmp/nsys-report-8972.qdstrm'
[1/1] [0%                          ] r8completion-exact.nsys-rep[1/1] [0%                          ] r8completion-exact.nsys-rep[1/1] [=======36%                  ] r8completion-exact.nsys-rep[1/1] [==========49%               ] r8completion-exact.nsys-rep[1/1] [==============63%           ] r8completion-exact.nsys-rep[1/1] [========================100%] r8completion-exact.nsys-rep[1/1] [========================100%] r8completion-exact.nsys-rep
Generated:
	/home/ubuntu/tinygrad-arkey/docs/task_workflow/evidence/nv-installed-islands-20260822/phase7/r8completion-exact.nsys-rep
