{
  "block": [
    32,
    1,
    1
  ],
  "buf_bytes": 67108864,
  "buf_sizes": [
    16384,
    1048576
  ],
  "cubin": "/home/ubuntu/tinygrad-arkey/docs/task_workflow/evidence/nv-installed-islands-20260822/phase8/r_32_32_4_32_4_b7c5eeb3ced63845c64b323fd8e5e923a69c1e162de001a94b565dcd96e9293f.cubin",
  "cubin_sha256": "5cfcbeef58d3b648de1fea8a72e1ac77d2ba577ba39bee0e61e571d8bfcccf74",
  "grid": [
    32,
    1,
    1
  ],
  "n_bufs": 2,
  "reps": 2000,
  "schema": "tinygrad.nv_cubin_ncu_launcher.v1",
  "symbol": "r_32_32_4_32_4_b7c5eeb3ced63845c64b323fd8e5e923a69c1e162de001a94b565dcd96e9293f",
  "vals": [],
  "verdict": "CUDA_LAUNCH_OK"
}
Collecting data...
Generating '/tmp/nsys-report-9e26.qdstrm'

[1/1] [0%                          ] r_32_32_4_32_4_b7c5eeb3ced63845c64b323fd8e5e923a69c1e162de001a94b565dcd96e9293f.nsys-rep
[1/1] [0%                          ] r_32_32_4_32_4_b7c5eeb3ced63845c64b323fd8e5e923a69c1e162de001a94b565dcd96e9293f.nsys-rep
[1/1] [=======36%                  ] r_32_32_4_32_4_b7c5eeb3ced63845c64b323fd8e5e923a69c1e162de001a94b565dcd96e9293f.nsys-rep
[1/1] [==========49%               ] r_32_32_4_32_4_b7c5eeb3ced63845c64b323fd8e5e923a69c1e162de001a94b565dcd96e9293f.nsys-rep
[1/1] [==============63%           ] r_32_32_4_32_4_b7c5eeb3ced63845c64b323fd8e5e923a69c1e162de001a94b565dcd96e9293f.nsys-rep
[1/1] [========================100%] r_32_32_4_32_4_b7c5eeb3ced63845c64b323fd8e5e923a69c1e162de001a94b565dcd96e9293f.nsys-rep
[1/1] [========================100%] r_32_32_4_32_4_b7c5eeb3ced63845c64b323fd8e5e923a69c1e162de001a94b565dcd96e9293f.nsys-rep
Generated:
	/home/ubuntu/tinygrad-arkey/docs/task_workflow/evidence/nv-installed-islands-20260822/phase8/r_32_32_4_32_4_b7c5eeb3ced63845c64b323fd8e5e923a69c1e162de001a94b565dcd96e9293f.nsys-rep
