{
  "block": [
    32,
    1,
    1
  ],
  "buf_bytes": 67108864,
  "buf_sizes": [
    8192,
    16384
  ],
  "cubin": "/home/ubuntu/tinygrad-arkey/docs/task_workflow/evidence/nv-installed-islands-20260822/phase9/E_32_32_4_5a5673a44c51a85d2e73b347238640218966a387a0c3b168f5ef5dc11a3e0798.cubin",
  "cubin_sha256": "fcfe16554c8a96117fdae6a4f3beae2b16f1aca56633aeea0a54608d81c7ef7a",
  "grid": [
    32,
    1,
    1
  ],
  "n_bufs": 2,
  "reps": 2000,
  "schema": "tinygrad.nv_cubin_ncu_launcher.v1",
  "symbol": "E_32_32_4_5a5673a44c51a85d2e73b347238640218966a387a0c3b168f5ef5dc11a3e0798",
  "vals": [],
  "verdict": "CUDA_LAUNCH_OK"
}
Collecting data...
Generating '/tmp/nsys-report-af69.qdstrm'

[1/1] [0%                          ] E_32_32_4_5a5673a44c51a85d2e73b347238640218966a387a0c3b168f5ef5dc11a3e0798.nsys-rep
[1/1] [0%                          ] E_32_32_4_5a5673a44c51a85d2e73b347238640218966a387a0c3b168f5ef5dc11a3e0798.nsys-rep
[1/1] [=======36%                  ] E_32_32_4_5a5673a44c51a85d2e73b347238640218966a387a0c3b168f5ef5dc11a3e0798.nsys-rep
[1/1] [==========49%               ] E_32_32_4_5a5673a44c51a85d2e73b347238640218966a387a0c3b168f5ef5dc11a3e0798.nsys-rep
[1/1] [==============63%           ] E_32_32_4_5a5673a44c51a85d2e73b347238640218966a387a0c3b168f5ef5dc11a3e0798.nsys-rep
[1/1] [========================100%] E_32_32_4_5a5673a44c51a85d2e73b347238640218966a387a0c3b168f5ef5dc11a3e0798.nsys-rep
[1/1] [========================100%] E_32_32_4_5a5673a44c51a85d2e73b347238640218966a387a0c3b168f5ef5dc11a3e0798.nsys-rep
Generated:
	/home/ubuntu/tinygrad-arkey/docs/task_workflow/evidence/nv-installed-islands-20260822/phase9/E_32_32_4_5a5673a44c51a85d2e73b347238640218966a387a0c3b168f5ef5dc11a3e0798.nsys-rep
