

========================= ROCm System Management Interface =========================
==================================== Unique ID =====================================
GPU[0]		: Unique ID: 0xdb466b901e983568
====================================================================================
================================ % time GPU is busy ================================
GPU[0]		: GPU use (%): 15
====================================================================================
================================ Current Memory Use ================================
GPU[0]		: GPU memory use (%): 10
GPU[0]		: Memory Activity: N/A
====================================================================================
================================== KFD Processes ===================================
get_compute_process_info_by_pid, Not supported on the given system
KFD process information:
PID   	PROCESS NAME	GPU(s)	VRAM USED	SDMA USED	CU OCCUPANCY	
148372	UNKNOWN     	0     	UNKNOWN  	UNKNOWN  	UNKNOWN     	
====================================================================================
=================================== Product Info ===================================
GPU[0]		: Card series: 		Navi 31 [Radeon RX 7900 XT/7900 XTX/7900M]
GPU[0]		: Card model: 		RX 7900 GRE [XFX]
GPU[0]		: Card vendor: 		Advanced Micro Devices, Inc. [AMD/ATI]
GPU[0]		: Card SKU: 		D7020100
====================================================================================
=============================== End of ROCm SMI Log ================================
