PREFILL_POST_GRAPH_MARKER phase=warmup_start t_ns=40033306180861
PREFILL_POST_GRAPH_MARKER phase=warmup_complete t_ns=40033306215606
PREFILL_POST_GRAPH_MARKER phase=sync_after_warmup_start t_ns=40033306219623
PREFILL_POST_GRAPH_MARKER phase=sync_after_warmup_end t_ns=40033306244440
PREFILL_POST_GRAPH_MARKER phase=power_capture_start t_ns=40033306248127
PREFILL_POST_GRAPH_MARKER phase=measurement_loop_start t_ns=40033306373703
PREFILL_POST_GRAPH_MARKER phase=sync_before_round_start t_ns=40033306379093
PREFILL_POST_GRAPH_MARKER phase=sync_before_round_end t_ns=40033306388922
PREFILL_POST_GRAPH_MARKER phase=sync_after_round_start t_ns=40037950070521
PREFILL_POST_GRAPH_MARKER phase=sync_after_round_end t_ns=40037950121477
PREFILL_POST_GRAPH_MARKER phase=measurement_loop_end t_ns=40037950128330
PREFILL_POST_GRAPH_MARKER phase=power_capture_end t_ns=40037950135093
PREFILL_POST_GRAPH_MARKER phase=warmup_start t_ns=40037950165009
PREFILL_POST_GRAPH_MARKER phase=warmup_complete t_ns=40037950172052
PREFILL_POST_GRAPH_MARKER phase=sync_after_warmup_start t_ns=40037950176130
PREFILL_POST_GRAPH_MARKER phase=sync_after_warmup_end t_ns=40037950188293
PREFILL_POST_GRAPH_MARKER phase=power_capture_start t_ns=40037950192921
PREFILL_POST_GRAPH_MARKER phase=measurement_loop_start t_ns=40037950206928
PREFILL_POST_GRAPH_MARKER phase=sync_before_round_start t_ns=40037950211556
PREFILL_POST_GRAPH_MARKER phase=sync_before_round_end t_ns=40037950221405
